MPLINK 5.08, LINKER
Linker Map File - Created Sat Oct 10 20:53:24 2015

                                 Section Info
                  Section       Type    Address   Location Size(Bytes)
                ---------  ---------  ---------  ---------  ---------
                 RES_VECT       code   0x000000    program   0x000002
                   .cinit    romdata   0x000001    program   0x000004
                MAIN_PROG       code   0x000003    program   0x0001f0
.config_2007_BUILD/DEFAULT/PRODUCTION/DATALOG       code   0x002007    program   0x000002
                variables      udata   0x000020       data   0x00000a



                              Program Memory Usage 
                               Start         End      
                           ---------   ---------      
                            0x000000    0x0000fa      
                            0x002007    0x002007      
            252 out of 4359 program addresses used, program memory utilization is 5%



                              Symbols - Sorted by Name
                     Name    Address   Location    Storage File                     
                ---------  ---------  ---------  --------- ---------                
                    SETUP   0x000003    program     static C:\Users\The_Dark_Flame\OneDrive\Documents\213562404\PIC projects\P5.0.X\DataLogger.asm
                    START   0x000041    program     static C:\Users\The_Dark_Flame\OneDrive\Documents\213562404\PIC projects\P5.0.X\DataLogger.asm
          _MAIN_PROG_0005   0x000008    program     static C:\Users\The_Dark_Flame\OneDrive\Documents\213562404\PIC projects\P5.0.X\DataLogger.asm
          _MAIN_PROG_0007   0x00000a    program     static C:\Users\The_Dark_Flame\OneDrive\Documents\213562404\PIC projects\P5.0.X\DataLogger.asm
          _MAIN_PROG_000D   0x000010    program     static C:\Users\The_Dark_Flame\OneDrive\Documents\213562404\PIC projects\P5.0.X\DataLogger.asm
          _MAIN_PROG_000F   0x000012    program     static C:\Users\The_Dark_Flame\OneDrive\Documents\213562404\PIC projects\P5.0.X\DataLogger.asm
          _MAIN_PROG_0015   0x000018    program     static C:\Users\The_Dark_Flame\OneDrive\Documents\213562404\PIC projects\P5.0.X\DataLogger.asm
          _MAIN_PROG_0017   0x00001a    program     static C:\Users\The_Dark_Flame\OneDrive\Documents\213562404\PIC projects\P5.0.X\DataLogger.asm
          _MAIN_PROG_001D   0x000020    program     static C:\Users\The_Dark_Flame\OneDrive\Documents\213562404\PIC projects\P5.0.X\DataLogger.asm
          _MAIN_PROG_001F   0x000022    program     static C:\Users\The_Dark_Flame\OneDrive\Documents\213562404\PIC projects\P5.0.X\DataLogger.asm
          _MAIN_PROG_0025   0x000028    program     static C:\Users\The_Dark_Flame\OneDrive\Documents\213562404\PIC projects\P5.0.X\DataLogger.asm
          _MAIN_PROG_0027   0x00002a    program     static C:\Users\The_Dark_Flame\OneDrive\Documents\213562404\PIC projects\P5.0.X\DataLogger.asm
          _MAIN_PROG_005E   0x000061    program     static C:\Users\The_Dark_Flame\OneDrive\Documents\213562404\PIC projects\P5.0.X\DataLogger.asm
          _MAIN_PROG_0077   0x00007a    program     static C:\Users\The_Dark_Flame\OneDrive\Documents\213562404\PIC projects\P5.0.X\DataLogger.asm
          _MAIN_PROG_0090   0x000093    program     static C:\Users\The_Dark_Flame\OneDrive\Documents\213562404\PIC projects\P5.0.X\DataLogger.asm
          _MAIN_PROG_00A9   0x0000ac    program     static C:\Users\The_Dark_Flame\OneDrive\Documents\213562404\PIC projects\P5.0.X\DataLogger.asm
          _MAIN_PROG_00BF   0x0000c2    program     static C:\Users\The_Dark_Flame\OneDrive\Documents\213562404\PIC projects\P5.0.X\DataLogger.asm
          _MAIN_PROG_00D5   0x0000d8    program     static C:\Users\The_Dark_Flame\OneDrive\Documents\213562404\PIC projects\P5.0.X\DataLogger.asm
          _MAIN_PROG_00E7   0x0000ea    program     static C:\Users\The_Dark_Flame\OneDrive\Documents\213562404\PIC projects\P5.0.X\DataLogger.asm
             eeprom.write   0x000045    program     static C:\Users\The_Dark_Flame\OneDrive\Documents\213562404\PIC projects\P5.0.X\DataLogger.asm
                lcd.write   0x0000f4    program     static C:\Users\The_Dark_Flame\OneDrive\Documents\213562404\PIC projects\P5.0.X\DataLogger.asm
               sampledata   0x0000de    program     static C:\Users\The_Dark_Flame\OneDrive\Documents\213562404\PIC projects\P5.0.X\DataLogger.asm
                CUR_EEADR   0x000020       data     static C:\Users\The_Dark_Flame\OneDrive\Documents\213562404\PIC projects\P5.0.X\DataLogger.asm
             CUR_HUMIDITY   0x000022       data     static C:\Users\The_Dark_Flame\OneDrive\Documents\213562404\PIC projects\P5.0.X\DataLogger.asm
          CUR_TEMPERATURE   0x000021       data     static C:\Users\The_Dark_Flame\OneDrive\Documents\213562404\PIC projects\P5.0.X\DataLogger.asm
               CUR_TIME_H   0x000024       data     static C:\Users\The_Dark_Flame\OneDrive\Documents\213562404\PIC projects\P5.0.X\DataLogger.asm
               CUR_TIME_L   0x000023       data     static C:\Users\The_Dark_Flame\OneDrive\Documents\213562404\PIC projects\P5.0.X\DataLogger.asm
                       D1   0x000028       data     static C:\Users\The_Dark_Flame\OneDrive\Documents\213562404\PIC projects\P5.0.X\DataLogger.asm
                       D2   0x000029       data     static C:\Users\The_Dark_Flame\OneDrive\Documents\213562404\PIC projects\P5.0.X\DataLogger.asm
               LCD_BUFFER   0x000027       data     static C:\Users\The_Dark_Flame\OneDrive\Documents\213562404\PIC projects\P5.0.X\DataLogger.asm
                LOG_COUNT   0x000025       data     static C:\Users\The_Dark_Flame\OneDrive\Documents\213562404\PIC projects\P5.0.X\DataLogger.asm
                    STATE   0x000026       data     static C:\Users\The_Dark_Flame\OneDrive\Documents\213562404\PIC projects\P5.0.X\DataLogger.asm



                              Symbols - Sorted by Address
                     Name    Address   Location    Storage File                     
                ---------  ---------  ---------  --------- ---------                
                    SETUP   0x000003    program     static C:\Users\The_Dark_Flame\OneDrive\Documents\213562404\PIC projects\P5.0.X\DataLogger.asm
          _MAIN_PROG_0005   0x000008    program     static C:\Users\The_Dark_Flame\OneDrive\Documents\213562404\PIC projects\P5.0.X\DataLogger.asm
          _MAIN_PROG_0007   0x00000a    program     static C:\Users\The_Dark_Flame\OneDrive\Documents\213562404\PIC projects\P5.0.X\DataLogger.asm
          _MAIN_PROG_000D   0x000010    program     static C:\Users\The_Dark_Flame\OneDrive\Documents\213562404\PIC projects\P5.0.X\DataLogger.asm
          _MAIN_PROG_000F   0x000012    program     static C:\Users\The_Dark_Flame\OneDrive\Documents\213562404\PIC projects\P5.0.X\DataLogger.asm
          _MAIN_PROG_0015   0x000018    program     static C:\Users\The_Dark_Flame\OneDrive\Documents\213562404\PIC projects\P5.0.X\DataLogger.asm
          _MAIN_PROG_0017   0x00001a    program     static C:\Users\The_Dark_Flame\OneDrive\Documents\213562404\PIC projects\P5.0.X\DataLogger.asm
          _MAIN_PROG_001D   0x000020    program     static C:\Users\The_Dark_Flame\OneDrive\Documents\213562404\PIC projects\P5.0.X\DataLogger.asm
          _MAIN_PROG_001F   0x000022    program     static C:\Users\The_Dark_Flame\OneDrive\Documents\213562404\PIC projects\P5.0.X\DataLogger.asm
          _MAIN_PROG_0025   0x000028    program     static C:\Users\The_Dark_Flame\OneDrive\Documents\213562404\PIC projects\P5.0.X\DataLogger.asm
          _MAIN_PROG_0027   0x00002a    program     static C:\Users\The_Dark_Flame\OneDrive\Documents\213562404\PIC projects\P5.0.X\DataLogger.asm
                    START   0x000041    program     static C:\Users\The_Dark_Flame\OneDrive\Documents\213562404\PIC projects\P5.0.X\DataLogger.asm
             eeprom.write   0x000045    program     static C:\Users\The_Dark_Flame\OneDrive\Documents\213562404\PIC projects\P5.0.X\DataLogger.asm
          _MAIN_PROG_005E   0x000061    program     static C:\Users\The_Dark_Flame\OneDrive\Documents\213562404\PIC projects\P5.0.X\DataLogger.asm
          _MAIN_PROG_0077   0x00007a    program     static C:\Users\The_Dark_Flame\OneDrive\Documents\213562404\PIC projects\P5.0.X\DataLogger.asm
          _MAIN_PROG_0090   0x000093    program     static C:\Users\The_Dark_Flame\OneDrive\Documents\213562404\PIC projects\P5.0.X\DataLogger.asm
          _MAIN_PROG_00A9   0x0000ac    program     static C:\Users\The_Dark_Flame\OneDrive\Documents\213562404\PIC projects\P5.0.X\DataLogger.asm
          _MAIN_PROG_00BF   0x0000c2    program     static C:\Users\The_Dark_Flame\OneDrive\Documents\213562404\PIC projects\P5.0.X\DataLogger.asm
          _MAIN_PROG_00D5   0x0000d8    program     static C:\Users\The_Dark_Flame\OneDrive\Documents\213562404\PIC projects\P5.0.X\DataLogger.asm
               sampledata   0x0000de    program     static C:\Users\The_Dark_Flame\OneDrive\Documents\213562404\PIC projects\P5.0.X\DataLogger.asm
          _MAIN_PROG_00E7   0x0000ea    program     static C:\Users\The_Dark_Flame\OneDrive\Documents\213562404\PIC projects\P5.0.X\DataLogger.asm
                lcd.write   0x0000f4    program     static C:\Users\The_Dark_Flame\OneDrive\Documents\213562404\PIC projects\P5.0.X\DataLogger.asm
                CUR_EEADR   0x000020       data     static C:\Users\The_Dark_Flame\OneDrive\Documents\213562404\PIC projects\P5.0.X\DataLogger.asm
          CUR_TEMPERATURE   0x000021       data     static C:\Users\The_Dark_Flame\OneDrive\Documents\213562404\PIC projects\P5.0.X\DataLogger.asm
             CUR_HUMIDITY   0x000022       data     static C:\Users\The_Dark_Flame\OneDrive\Documents\213562404\PIC projects\P5.0.X\DataLogger.asm
               CUR_TIME_L   0x000023       data     static C:\Users\The_Dark_Flame\OneDrive\Documents\213562404\PIC projects\P5.0.X\DataLogger.asm
               CUR_TIME_H   0x000024       data     static C:\Users\The_Dark_Flame\OneDrive\Documents\213562404\PIC projects\P5.0.X\DataLogger.asm
                LOG_COUNT   0x000025       data     static C:\Users\The_Dark_Flame\OneDrive\Documents\213562404\PIC projects\P5.0.X\DataLogger.asm
                    STATE   0x000026       data     static C:\Users\The_Dark_Flame\OneDrive\Documents\213562404\PIC projects\P5.0.X\DataLogger.asm
               LCD_BUFFER   0x000027       data     static C:\Users\The_Dark_Flame\OneDrive\Documents\213562404\PIC projects\P5.0.X\DataLogger.asm
                       D1   0x000028       data     static C:\Users\The_Dark_Flame\OneDrive\Documents\213562404\PIC projects\P5.0.X\DataLogger.asm
                       D2   0x000029       data     static C:\Users\The_Dark_Flame\OneDrive\Documents\213562404\PIC projects\P5.0.X\DataLogger.asm


